윈도우 폴더 하나 생성 (work 폴더)

1. git 생성 명령어
git clone https://github.com/aaaiiee/obsidian.git

github 위치
https://github.com/aaaiiee/obsidian.git

위치
C:\Users\sungwon.ji\work\obsidian



----------------------------------------
git 파일 추가 명령어
PS C:\Users\sungwon.ji\work\obsidian> git add .\git-test.txt

git 상태 보는 명령어(어떤걸 수정했는지 등등)
PS C:\Users\sungwon.ji\work\obsidian> git status
On branch main

No commits yet

Changes to be committed:
  (use "git rm --cached <file>..." to unstage)
        new file:   git-test.txt
----------------------------------------

1) 파일 추가
git add aaa.txt
 
2) 커밋할 파일 등록
git commit -a -m "이력 관리용 코멘트 추가"
 
3) 파일 업로드
git push origin main

